{"timestamp":"2026-09-05T05:00:15.661204Z","level":"info","event":"DAG bundles loaded: dags-folder","logger":"airflow.dag_processing.bundles.manager.DagBundlesManager","filename":"manager.py","lineno":179}
{"timestamp":"2026-09-05T05:00:15.663531Z","level":"info","event":"Filling up the DagBag from /opt/airflow/dags/flight_elt.py","logger":"airflow.models.dagbag.DagBag","filename":"dagbag.py","lineno":593}
{"timestamp":"2026-09-05T05:00:28.480509Z","level":"info","event":"\u001b[0m05:00:22  Running with dbt=1.12.3","logger":"task.stdout"}
{"timestamp":"2026-09-05T05:00:28.483165Z","level":"info","event":"\u001b[0m05:00:22  Registered adapter: clickhouse=1.9.3","logger":"task.stdout"}
{"timestamp":"2026-09-05T05:00:28.485381Z","level":"info","event":"\u001b[0m05:00:24  Found 2 models, 5 data tests, 1 source, 521 macros","logger":"task.stdout"}
{"timestamp":"2026-09-05T05:00:28.487005Z","level":"info","event":"\u001b[0m05:00:24","logger":"task.stdout"}
{"timestamp":"2026-09-05T05:00:28.488796Z","level":"info","event":"\u001b[0m05:00:24  Concurrency: 4 threads (target='airflow')","logger":"task.stdout"}
{"timestamp":"2026-09-05T05:00:28.490315Z","level":"info","event":"\u001b[0m05:00:24","logger":"task.stdout"}
{"timestamp":"2026-09-05T05:00:28.491997Z","level":"info","event":"\u001b[0m05:00:25  1 of 2 START sql view model `flight`.`silver_flights` .......................... [RUN]","logger":"task.stdout"}
{"timestamp":"2026-09-05T05:00:28.493606Z","level":"info","event":"\u001b[0m05:00:25  1 of 2 OK created sql view model `flight`.`silver_flights` ..................... [\u001b[32mOK\u001b[0m in 0.23s]","logger":"task.stdout"}
{"timestamp":"2026-09-05T05:00:28.495380Z","level":"info","event":"\u001b[0m05:00:25  2 of 2 START sql view model `flight`.`gold_flight_summary` ..................... [RUN]","logger":"task.stdout"}
{"timestamp":"2026-09-05T05:00:28.497034Z","level":"info","event":"\u001b[0m05:00:25  2 of 2 OK created sql view model `flight`.`gold_flight_summary` ................ [\u001b[32mOK\u001b[0m in 0.23s]","logger":"task.stdout"}
{"timestamp":"2026-09-05T05:00:28.498844Z","level":"info","event":"\u001b[0m05:00:25","logger":"task.stdout"}
{"timestamp":"2026-09-05T05:00:28.500530Z","level":"info","event":"\u001b[0m05:00:25  Finished running 2 view models in 0 hours 0 minutes and 1.06 seconds (1.06s).","logger":"task.stdout"}
{"timestamp":"2026-09-05T05:00:28.503593Z","level":"info","event":"\u001b[0m05:00:26","logger":"task.stdout"}
{"timestamp":"2026-09-05T05:00:28.505462Z","level":"info","event":"\u001b[0m05:00:26  \u001b[32mCompleted successfully\u001b[0m","logger":"task.stdout"}
{"timestamp":"2026-09-05T05:00:28.507234Z","level":"info","event":"\u001b[0m05:00:26","logger":"task.stdout"}
{"timestamp":"2026-09-05T05:00:28.509169Z","level":"info","event":"\u001b[0m05:00:26  Done. PASS=2 WARN=0 ERROR=0 SKIP=0 NO-OP=0 REUSED=0 TOTAL=2","logger":"task.stdout"}
{"timestamp":"2026-09-05T05:00:28.510948Z","level":"info","event":"","logger":"task.stdout"}
{"timestamp":"2026-09-05T05:00:28.482687Z","level":"info","event":"Done. Returned value was: None","logger":"airflow.task.operators.airflow.providers.standard.decorators.python._PythonDecoratedOperator","filename":"python.py","lineno":218}
