{"timestamp":"2026-09-04T07:00:30.665879Z","level":"info","event":"DAG bundles loaded: dags-folder","logger":"airflow.dag_processing.bundles.manager.DagBundlesManager","filename":"manager.py","lineno":179}
{"timestamp":"2026-09-04T07:00:30.673074Z","level":"info","event":"Filling up the DagBag from /opt/airflow/dags/flight_elt.py","logger":"airflow.models.dagbag.DagBag","filename":"dagbag.py","lineno":593}
{"timestamp":"2026-09-04T07:00:51.457963Z","level":"info","event":"\u001b[0m07:00:44  Running with dbt=1.12.3","logger":"task.stdout"}
{"timestamp":"2026-09-04T07:00:51.479759Z","level":"info","event":"\u001b[0m07:00:45  Registered adapter: clickhouse=1.9.3","logger":"task.stdout"}
{"timestamp":"2026-09-04T07:00:51.481667Z","level":"info","event":"\u001b[0m07:00:47  Found 2 models, 5 data tests, 1 source, 521 macros","logger":"task.stdout"}
{"timestamp":"2026-09-04T07:00:51.483319Z","level":"info","event":"\u001b[0m07:00:47","logger":"task.stdout"}
{"timestamp":"2026-09-04T07:00:51.484909Z","level":"info","event":"\u001b[0m07:00:47  Concurrency: 4 threads (target='airflow')","logger":"task.stdout"}
{"timestamp":"2026-09-04T07:00:51.486521Z","level":"info","event":"\u001b[0m07:00:47","logger":"task.stdout"}
{"timestamp":"2026-09-04T07:00:51.487873Z","level":"info","event":"\u001b[0m07:00:47  1 of 2 START sql view model `flight`.`silver_flights` .......................... [RUN]","logger":"task.stdout"}
{"timestamp":"2026-09-04T07:00:51.489891Z","level":"info","event":"\u001b[0m07:00:48  1 of 2 OK created sql view model `flight`.`silver_flights` ..................... [\u001b[32mOK\u001b[0m in 0.26s]","logger":"task.stdout"}
{"timestamp":"2026-09-04T07:00:51.491458Z","level":"info","event":"\u001b[0m07:00:48  2 of 2 START sql view model `flight`.`gold_flight_summary` ..................... [RUN]","logger":"task.stdout"}
{"timestamp":"2026-09-04T07:00:51.493313Z","level":"info","event":"\u001b[0m07:00:48  2 of 2 OK created sql view model `flight`.`gold_flight_summary` ................ [\u001b[32mOK\u001b[0m in 0.25s]","logger":"task.stdout"}
{"timestamp":"2026-09-04T07:00:51.495166Z","level":"info","event":"\u001b[0m07:00:48","logger":"task.stdout"}
{"timestamp":"2026-09-04T07:00:51.496788Z","level":"info","event":"\u001b[0m07:00:48  Finished running 2 view models in 0 hours 0 minutes and 1.39 seconds (1.39s).","logger":"task.stdout"}
{"timestamp":"2026-09-04T07:00:51.498455Z","level":"info","event":"\u001b[0m07:00:48","logger":"task.stdout"}
{"timestamp":"2026-09-04T07:00:51.500406Z","level":"info","event":"\u001b[0m07:00:48  \u001b[32mCompleted successfully\u001b[0m","logger":"task.stdout"}
{"timestamp":"2026-09-04T07:00:51.502145Z","level":"info","event":"\u001b[0m07:00:48","logger":"task.stdout"}
{"timestamp":"2026-09-04T07:00:51.503715Z","level":"info","event":"\u001b[0m07:00:48  Done. PASS=2 WARN=0 ERROR=0 SKIP=0 NO-OP=0 REUSED=0 TOTAL=2","logger":"task.stdout"}
{"timestamp":"2026-09-04T07:00:51.505373Z","level":"info","event":"","logger":"task.stdout"}
{"timestamp":"2026-09-04T07:00:51.458808Z","level":"info","event":"Done. Returned value was: None","logger":"airflow.task.operators.airflow.providers.standard.decorators.python._PythonDecoratedOperator","filename":"python.py","lineno":218}
