{"timestamp":"2026-09-04T06:00:12.690643Z","level":"info","event":"DAG bundles loaded: dags-folder","logger":"airflow.dag_processing.bundles.manager.DagBundlesManager","filename":"manager.py","lineno":179}
{"timestamp":"2026-09-04T06:00:12.691968Z","level":"info","event":"Filling up the DagBag from /opt/airflow/dags/flight_elt.py","logger":"airflow.models.dagbag.DagBag","filename":"dagbag.py","lineno":593}
{"timestamp":"2026-09-04T06:00:19.102191Z","level":"info","event":"\u001b[0m06:00:15  Running with dbt=1.12.3","logger":"task.stdout"}
{"timestamp":"2026-09-04T06:00:19.103188Z","level":"info","event":"\u001b[0m06:00:16  Registered adapter: clickhouse=1.9.3","logger":"task.stdout"}
{"timestamp":"2026-09-04T06:00:19.103745Z","level":"info","event":"\u001b[0m06:00:16  Found 2 models, 5 data tests, 1 source, 521 macros","logger":"task.stdout"}
{"timestamp":"2026-09-04T06:00:19.104232Z","level":"info","event":"\u001b[0m06:00:16","logger":"task.stdout"}
{"timestamp":"2026-09-04T06:00:19.104685Z","level":"info","event":"\u001b[0m06:00:16  Concurrency: 4 threads (target='airflow')","logger":"task.stdout"}
{"timestamp":"2026-09-04T06:00:19.105145Z","level":"info","event":"\u001b[0m06:00:16","logger":"task.stdout"}
{"timestamp":"2026-09-04T06:00:19.105573Z","level":"info","event":"\u001b[0m06:00:17  1 of 2 START sql view model `flight`.`silver_flights` .......................... [RUN]","logger":"task.stdout"}
{"timestamp":"2026-09-04T06:00:19.106016Z","level":"info","event":"\u001b[0m06:00:17  1 of 2 OK created sql view model `flight`.`silver_flights` ..................... [\u001b[32mOK\u001b[0m in 0.09s]","logger":"task.stdout"}
{"timestamp":"2026-09-04T06:00:19.106448Z","level":"info","event":"\u001b[0m06:00:17  2 of 2 START sql view model `flight`.`gold_flight_summary` ..................... [RUN]","logger":"task.stdout"}
{"timestamp":"2026-09-04T06:00:19.106870Z","level":"info","event":"\u001b[0m06:00:17  2 of 2 OK created sql view model `flight`.`gold_flight_summary` ................ [\u001b[32mOK\u001b[0m in 0.08s]","logger":"task.stdout"}
{"timestamp":"2026-09-04T06:00:19.107289Z","level":"info","event":"\u001b[0m06:00:17","logger":"task.stdout"}
{"timestamp":"2026-09-04T06:00:19.107704Z","level":"info","event":"\u001b[0m06:00:17  Finished running 2 view models in 0 hours 0 minutes and 0.52 seconds (0.52s).","logger":"task.stdout"}
{"timestamp":"2026-09-04T06:00:19.108142Z","level":"info","event":"\u001b[0m06:00:17","logger":"task.stdout"}
{"timestamp":"2026-09-04T06:00:19.108600Z","level":"info","event":"\u001b[0m06:00:17  \u001b[32mCompleted successfully\u001b[0m","logger":"task.stdout"}
{"timestamp":"2026-09-04T06:00:19.109195Z","level":"info","event":"\u001b[0m06:00:17","logger":"task.stdout"}
{"timestamp":"2026-09-04T06:00:19.109636Z","level":"info","event":"\u001b[0m06:00:17  Done. PASS=2 WARN=0 ERROR=0 SKIP=0 NO-OP=0 REUSED=0 TOTAL=2","logger":"task.stdout"}
{"timestamp":"2026-09-04T06:00:19.110102Z","level":"info","event":"","logger":"task.stdout"}
{"timestamp":"2026-09-04T06:00:19.103542Z","level":"info","event":"Done. Returned value was: None","logger":"airflow.task.operators.airflow.providers.standard.decorators.python._PythonDecoratedOperator","filename":"python.py","lineno":218}
