{"timestamp":"2026-09-05T04:58:27.705470Z","level":"info","event":"DAG bundles loaded: dags-folder","logger":"airflow.dag_processing.bundles.manager.DagBundlesManager","filename":"manager.py","lineno":179}
{"timestamp":"2026-09-05T04:58:27.715474Z","level":"info","event":"Filling up the DagBag from /opt/airflow/dags/flight_elt.py","logger":"airflow.models.dagbag.DagBag","filename":"dagbag.py","lineno":593}
{"timestamp":"2026-09-05T04:58:50.023905Z","level":"info","event":"\u001b[0m04:58:42  Running with dbt=1.12.3","logger":"task.stdout"}
{"timestamp":"2026-09-05T04:58:50.027806Z","level":"info","event":"\u001b[0m04:58:43  Registered adapter: clickhouse=1.9.3","logger":"task.stdout"}
{"timestamp":"2026-09-05T04:58:50.029239Z","level":"info","event":"\u001b[0m04:58:46  Found 2 models, 5 data tests, 1 source, 521 macros","logger":"task.stdout"}
{"timestamp":"2026-09-05T04:58:50.030708Z","level":"info","event":"\u001b[0m04:58:46","logger":"task.stdout"}
{"timestamp":"2026-09-05T04:58:50.032330Z","level":"info","event":"\u001b[0m04:58:46  Concurrency: 4 threads (target='airflow')","logger":"task.stdout"}
{"timestamp":"2026-09-05T04:58:50.033892Z","level":"info","event":"\u001b[0m04:58:46","logger":"task.stdout"}
{"timestamp":"2026-09-05T04:58:50.035418Z","level":"info","event":"\u001b[0m04:58:46  1 of 2 START sql view model `flight`.`silver_flights` .......................... [RUN]","logger":"task.stdout"}
{"timestamp":"2026-09-05T04:58:50.036994Z","level":"info","event":"\u001b[0m04:58:47  1 of 2 OK created sql view model `flight`.`silver_flights` ..................... [\u001b[32mOK\u001b[0m in 0.41s]","logger":"task.stdout"}
{"timestamp":"2026-09-05T04:58:50.038596Z","level":"info","event":"\u001b[0m04:58:47  2 of 2 START sql view model `flight`.`gold_flight_summary` ..................... [RUN]","logger":"task.stdout"}
{"timestamp":"2026-09-05T04:58:50.040193Z","level":"info","event":"\u001b[0m04:58:47  2 of 2 OK created sql view model `flight`.`gold_flight_summary` ................ [\u001b[32mOK\u001b[0m in 0.26s]","logger":"task.stdout"}
{"timestamp":"2026-09-05T04:58:50.041632Z","level":"info","event":"\u001b[0m04:58:47","logger":"task.stdout"}
{"timestamp":"2026-09-05T04:58:50.043314Z","level":"info","event":"\u001b[0m04:58:47  Finished running 2 view models in 0 hours 0 minutes and 1.34 seconds (1.34s).","logger":"task.stdout"}
{"timestamp":"2026-09-05T04:58:50.045314Z","level":"info","event":"\u001b[0m04:58:47","logger":"task.stdout"}
{"timestamp":"2026-09-05T04:58:50.046912Z","level":"info","event":"\u001b[0m04:58:47  \u001b[32mCompleted successfully\u001b[0m","logger":"task.stdout"}
{"timestamp":"2026-09-05T04:58:50.048496Z","level":"info","event":"\u001b[0m04:58:47","logger":"task.stdout"}
{"timestamp":"2026-09-05T04:58:50.050051Z","level":"info","event":"\u001b[0m04:58:47  Done. PASS=2 WARN=0 ERROR=0 SKIP=0 NO-OP=0 REUSED=0 TOTAL=2","logger":"task.stdout"}
{"timestamp":"2026-09-05T04:58:50.051723Z","level":"info","event":"","logger":"task.stdout"}
{"timestamp":"2026-09-05T04:58:50.025402Z","level":"info","event":"Done. Returned value was: None","logger":"airflow.task.operators.airflow.providers.standard.decorators.python._PythonDecoratedOperator","filename":"python.py","lineno":218}
