[0m16:02:48.777444 [debug] [MainThread]: Sending event: {'category': 'dbt', 'action': 'invocation', 'label': 'start', 'context': [<snowplow_tracker.self_describing_json.SelfDescribingJson object at 0x000001F3F3884EC0>, <snowplow_tracker.self_describing_json.SelfDescribingJson object at 0x000001F3F5A07D90>, <snowplow_tracker.self_describing_json.SelfDescribingJson object at 0x000001F3F5A07B10>]}


============================== 16:02:48.809699 | c364c643-7d51-467f-b3a0-5fa028ca2768 ==============================
[0m16:02:48.809699 [info ] [MainThread]: Running with dbt=1.11.14
[0m16:02:48.811332 [debug] [MainThread]: running dbt with arguments {'static_parser': 'True', 'no_print': 'None', 'version_check': 'True', 'target_path': 'None', 'warn_error_options': 'WarnErrorOptionsV2(error=[], warn=[], silence=[])', 'printer_width': '80', 'write_json': 'True', 'empty': 'None', 'log_cache_events': 'False', 'introspect': 'True', 'cache_selected_only': 'False', 'log_format': 'default', 'debug': 'False', 'fail_fast': 'False', 'partial_parse': 'True', 'send_anonymous_usage_stats': 'True', 'quiet': 'False', 'warn_error': 'None', 'profiles_dir': 'C:\\Users\\Naufal\\.dbt', 'indirect_selection': 'eager', 'use_colors': 'True', 'invocation_command': 'dbt init olist_dbt', 'use_experimental_parser': 'False', 'log_path': 'logs'}
[0m16:02:48.871187 [info ] [MainThread]: Creating dbt configuration folder at C:\Users\Naufal\.dbt
[0m16:02:48.876804 [debug] [MainThread]: Starter project path: C:\Users\Naufal\AppData\Local\Programs\Python\Python313\Lib\site-packages\dbt\include\starter_project
[0m16:02:48.946546 [info ] [MainThread]: 
Your new dbt project "olist_dbt" was created!

For more information on how to configure the profiles.yml file,
please consult the dbt documentation here:

  https://docs.getdbt.com/docs/configure-your-profile

One more thing:

Need help? Don't hesitate to reach out to us via GitHub issues or on Slack:

  https://community.getdbt.com/

Happy modeling!

[0m16:02:48.947802 [info ] [MainThread]: Setting up your profile.
[0m16:03:22.905424 [info ] [MainThread]: No sample profile found for clickhouse.
[0m16:03:22.909052 [debug] [MainThread]: Command `dbt init` succeeded at 16:03:22.908725 after 34.62 seconds
[0m16:03:22.909865 [debug] [MainThread]: Sending event: {'category': 'dbt', 'action': 'invocation', 'label': 'end', 'context': [<snowplow_tracker.self_describing_json.SelfDescribingJson object at 0x000001F3F5AAA780>, <snowplow_tracker.self_describing_json.SelfDescribingJson object at 0x000001F3F5B445F0>, <snowplow_tracker.self_describing_json.SelfDescribingJson object at 0x000001F3F3073350>]}
[0m16:03:22.910634 [debug] [MainThread]: Flushing usage events
[0m16:03:24.967299 [debug] [MainThread]: An error was encountered while trying to flush usage events
