{"timestamp":"2026-09-05T08:56:02.045222Z","level":"info","event":"DAG bundles loaded: dags-folder","logger":"airflow.dag_processing.bundles.manager.DagBundlesManager","filename":"manager.py","lineno":179}
{"timestamp":"2026-09-05T08:56:02.046683Z","level":"info","event":"Filling up the DagBag from /opt/airflow/dags/flight_elt.py","logger":"airflow.models.dagbag.DagBag","filename":"dagbag.py","lineno":593}
{"timestamp":"2026-09-05T08:56:20.966821Z","level":"info","event":"\u001b[0m08:56:08  Running with dbt=1.12.3","logger":"task.stdout"}
{"timestamp":"2026-09-05T08:56:20.968021Z","level":"info","event":"\u001b[0m08:56:08  Registered adapter: clickhouse=1.9.3","logger":"task.stdout"}
{"timestamp":"2026-09-05T08:56:20.968634Z","level":"info","event":"\u001b[0m08:56:09  Found 2 models, 5 data tests, 1 source, 521 macros","logger":"task.stdout"}
{"timestamp":"2026-09-05T08:56:20.969238Z","level":"info","event":"\u001b[0m08:56:09","logger":"task.stdout"}
{"timestamp":"2026-09-05T08:56:20.969797Z","level":"info","event":"\u001b[0m08:56:09  Concurrency: 4 threads (target='airflow')","logger":"task.stdout"}
{"timestamp":"2026-09-05T08:56:20.970311Z","level":"info","event":"\u001b[0m08:56:09","logger":"task.stdout"}
{"timestamp":"2026-09-05T08:56:20.970801Z","level":"info","event":"\u001b[0m08:56:10  1 of 2 START sql view model `flight`.`silver_flights` .......................... [RUN]","logger":"task.stdout"}
{"timestamp":"2026-09-05T08:56:20.971277Z","level":"info","event":"\u001b[0m08:56:10  1 of 2 OK created sql view model `flight`.`silver_flights` ..................... [\u001b[32mOK\u001b[0m in 0.13s]","logger":"task.stdout"}
{"timestamp":"2026-09-05T08:56:20.971766Z","level":"info","event":"\u001b[0m08:56:10  2 of 2 START sql view model `flight`.`gold_flight_summary` ..................... [RUN]","logger":"task.stdout"}
{"timestamp":"2026-09-05T08:56:20.972241Z","level":"info","event":"\u001b[0m08:56:10  2 of 2 OK created sql view model `flight`.`gold_flight_summary` ................ [\u001b[32mOK\u001b[0m in 0.14s]","logger":"task.stdout"}
{"timestamp":"2026-09-05T08:56:20.972743Z","level":"info","event":"\u001b[0m08:56:10","logger":"task.stdout"}
{"timestamp":"2026-09-05T08:56:20.973199Z","level":"info","event":"\u001b[0m08:56:10  Finished running 2 view models in 0 hours 0 minutes and 0.84 seconds (0.84s).","logger":"task.stdout"}
{"timestamp":"2026-09-05T08:56:20.973751Z","level":"info","event":"\u001b[0m08:56:10","logger":"task.stdout"}
{"timestamp":"2026-09-05T08:56:20.974270Z","level":"info","event":"\u001b[0m08:56:10  \u001b[32mCompleted successfully\u001b[0m","logger":"task.stdout"}
{"timestamp":"2026-09-05T08:56:20.974730Z","level":"info","event":"\u001b[0m08:56:10","logger":"task.stdout"}
{"timestamp":"2026-09-05T08:56:20.975197Z","level":"info","event":"\u001b[0m08:56:10  Done. PASS=2 WARN=0 ERROR=0 SKIP=0 NO-OP=0 REUSED=0 TOTAL=2","logger":"task.stdout"}
{"timestamp":"2026-09-05T08:56:20.975640Z","level":"info","event":"","logger":"task.stdout"}
{"timestamp":"2026-09-05T08:56:20.968427Z","level":"info","event":"Done. Returned value was: None","logger":"airflow.task.operators.airflow.providers.standard.decorators.python._PythonDecoratedOperator","filename":"python.py","lineno":218}
