[0m00:29:49.899287 [debug] [MainThread]: Sending event: {'category': 'dbt', 'action': 'invocation', 'label': 'start', 'context': [<snowplow_tracker.self_describing_json.SelfDescribingJson object at 0x000001D843568EC0>, <snowplow_tracker.self_describing_json.SelfDescribingJson object at 0x000001D8456EFD90>, <snowplow_tracker.self_describing_json.SelfDescribingJson object at 0x000001D8456EFB10>]}


============================== 00:29:49.905826 | ef5ae38a-fc61-42de-9fa6-db2cced2a6f8 ==============================
[0m00:29:49.905826 [info ] [MainThread]: Running with dbt=1.11.14
[0m00:29:49.906921 [debug] [MainThread]: running dbt with arguments {'static_parser': 'True', 'no_print': 'None', 'version_check': 'True', 'target_path': 'None', 'warn_error_options': 'WarnErrorOptionsV2(error=[], warn=[], silence=[])', 'printer_width': '80', 'write_json': 'True', 'introspect': 'True', 'log_cache_events': 'False', 'empty': 'None', 'cache_selected_only': 'False', 'fail_fast': 'False', 'debug': 'False', 'log_format': 'default', 'profiles_dir': 'C:\\Users\\Naufal\\.dbt', 'send_anonymous_usage_stats': 'True', 'quiet': 'False', 'warn_error': 'None', 'partial_parse': 'True', 'indirect_selection': 'eager', 'invocation_command': 'dbt init flight_dbt', 'use_colors': 'True', 'use_experimental_parser': 'False', 'log_path': 'logs'}
[0m00:29:49.948885 [debug] [MainThread]: Starter project path: C:\Users\Naufal\AppData\Local\Programs\Python\Python313\Lib\site-packages\dbt\include\starter_project
[0m00:29:49.991964 [info ] [MainThread]: 
Your new dbt project "flight_dbt" was created!

For more information on how to configure the profiles.yml file,
please consult the dbt documentation here:

  https://docs.getdbt.com/docs/configure-your-profile

One more thing:

Need help? Don't hesitate to reach out to us via GitHub issues or on Slack:

  https://community.getdbt.com/

Happy modeling!

[0m00:29:49.992571 [info ] [MainThread]: Setting up your profile.
[0m00:30:10.921875 [info ] [MainThread]: No sample profile found for clickhouse.
[0m00:30:10.923140 [debug] [MainThread]: Command `dbt init` succeeded at 00:30:10.923024 after 21.27 seconds
[0m00:30:10.923467 [debug] [MainThread]: Sending event: {'category': 'dbt', 'action': 'invocation', 'label': 'end', 'context': [<snowplow_tracker.self_describing_json.SelfDescribingJson object at 0x000001D84578E780>, <snowplow_tracker.self_describing_json.SelfDescribingJson object at 0x000001D8458285F0>, <snowplow_tracker.self_describing_json.SelfDescribingJson object at 0x000001D842D43350>]}
[0m00:30:10.923815 [debug] [MainThread]: Flushing usage events
[0m00:30:12.667935 [debug] [MainThread]: An error was encountered while trying to flush usage events
