{"timestamp":"2026-09-04T03:00:20.203880Z","level":"info","event":"DAG bundles loaded: dags-folder","logger":"airflow.dag_processing.bundles.manager.DagBundlesManager","filename":"manager.py","lineno":179}
{"timestamp":"2026-09-04T03:00:20.210090Z","level":"info","event":"Filling up the DagBag from /opt/airflow/dags/flight_elt.py","logger":"airflow.models.dagbag.DagBag","filename":"dagbag.py","lineno":593}
{"timestamp":"2026-09-04T03:00:38.667539Z","level":"info","event":"\u001b[0m03:00:27  Running with dbt=1.12.3","logger":"task.stdout"}
{"timestamp":"2026-09-04T03:00:38.669887Z","level":"info","event":"\u001b[0m03:00:28  Registered adapter: clickhouse=1.9.3","logger":"task.stdout"}
{"timestamp":"2026-09-04T03:00:38.671895Z","level":"info","event":"\u001b[0m03:00:29  Unable to do partial parsing because of a version mismatch","logger":"task.stdout"}
{"timestamp":"2026-09-04T03:00:38.673646Z","level":"info","event":"\u001b[0m03:00:35  Found 2 models, 5 data tests, 1 source, 521 macros","logger":"task.stdout"}
{"timestamp":"2026-09-04T03:00:38.675480Z","level":"info","event":"\u001b[0m03:00:35","logger":"task.stdout"}
{"timestamp":"2026-09-04T03:00:38.677299Z","level":"info","event":"\u001b[0m03:00:35  Concurrency: 4 threads (target='airflow')","logger":"task.stdout"}
{"timestamp":"2026-09-04T03:00:38.678854Z","level":"info","event":"\u001b[0m03:00:35","logger":"task.stdout"}
{"timestamp":"2026-09-04T03:00:38.680508Z","level":"info","event":"\u001b[0m03:00:35  1 of 2 START sql view model `flight`.`silver_flights` .......................... [RUN]","logger":"task.stdout"}
{"timestamp":"2026-09-04T03:00:38.682021Z","level":"info","event":"\u001b[0m03:00:36  1 of 2 OK created sql view model `flight`.`silver_flights` ..................... [\u001b[32mOK\u001b[0m in 0.28s]","logger":"task.stdout"}
{"timestamp":"2026-09-04T03:00:38.683770Z","level":"info","event":"\u001b[0m03:00:36  2 of 2 START sql view model `flight`.`gold_flight_summary` ..................... [RUN]","logger":"task.stdout"}
{"timestamp":"2026-09-04T03:00:38.685718Z","level":"info","event":"\u001b[0m03:00:36  2 of 2 OK created sql view model `flight`.`gold_flight_summary` ................ [\u001b[32mOK\u001b[0m in 0.26s]","logger":"task.stdout"}
{"timestamp":"2026-09-04T03:00:38.687575Z","level":"info","event":"\u001b[0m03:00:36","logger":"task.stdout"}
{"timestamp":"2026-09-04T03:00:38.689445Z","level":"info","event":"\u001b[0m03:00:36  Finished running 2 view models in 0 hours 0 minutes and 1.34 seconds (1.34s).","logger":"task.stdout"}
{"timestamp":"2026-09-04T03:00:38.691333Z","level":"info","event":"\u001b[0m03:00:36","logger":"task.stdout"}
{"timestamp":"2026-09-04T03:00:38.693085Z","level":"info","event":"\u001b[0m03:00:36  \u001b[32mCompleted successfully\u001b[0m","logger":"task.stdout"}
{"timestamp":"2026-09-04T03:00:38.694777Z","level":"info","event":"\u001b[0m03:00:36","logger":"task.stdout"}
{"timestamp":"2026-09-04T03:00:38.696470Z","level":"info","event":"\u001b[0m03:00:36  Done. PASS=2 WARN=0 ERROR=0 SKIP=0 NO-OP=0 REUSED=0 TOTAL=2","logger":"task.stdout"}
{"timestamp":"2026-09-04T03:00:38.698096Z","level":"info","event":"","logger":"task.stdout"}
{"timestamp":"2026-09-04T03:00:38.671652Z","level":"info","event":"Done. Returned value was: None","logger":"airflow.task.operators.airflow.providers.standard.decorators.python._PythonDecoratedOperator","filename":"python.py","lineno":218}
