{"timestamp":"2026-09-05T11:00:30.752657Z","level":"info","event":"DAG bundles loaded: dags-folder","logger":"airflow.dag_processing.bundles.manager.DagBundlesManager","filename":"manager.py","lineno":179}
{"timestamp":"2026-09-05T11:00:30.756882Z","level":"info","event":"Filling up the DagBag from /opt/airflow/dags/flight_elt.py","logger":"airflow.models.dagbag.DagBag","filename":"dagbag.py","lineno":593}
{"timestamp":"2026-09-05T11:00:39.472773Z","level":"info","event":"\u001b[0m11:00:35  Running with dbt=1.12.3","logger":"task.stdout"}
{"timestamp":"2026-09-05T11:00:39.473628Z","level":"info","event":"\u001b[0m11:00:35  Registered adapter: clickhouse=1.9.3","logger":"task.stdout"}
{"timestamp":"2026-09-05T11:00:39.474144Z","level":"info","event":"\u001b[0m11:00:36  Found 2 models, 5 data tests, 1 source, 521 macros","logger":"task.stdout"}
{"timestamp":"2026-09-05T11:00:39.474652Z","level":"info","event":"\u001b[0m11:00:36","logger":"task.stdout"}
{"timestamp":"2026-09-05T11:00:39.475071Z","level":"info","event":"\u001b[0m11:00:36  Concurrency: 4 threads (target='airflow')","logger":"task.stdout"}
{"timestamp":"2026-09-05T11:00:39.475541Z","level":"info","event":"\u001b[0m11:00:36","logger":"task.stdout"}
{"timestamp":"2026-09-05T11:00:39.476028Z","level":"info","event":"\u001b[0m11:00:36  1 of 2 START sql view model `flight`.`silver_flights` .......................... [RUN]","logger":"task.stdout"}
{"timestamp":"2026-09-05T11:00:39.476447Z","level":"info","event":"\u001b[0m11:00:36  1 of 2 OK created sql view model `flight`.`silver_flights` ..................... [\u001b[32mOK\u001b[0m in 0.09s]","logger":"task.stdout"}
{"timestamp":"2026-09-05T11:00:39.476953Z","level":"info","event":"\u001b[0m11:00:36  2 of 2 START sql view model `flight`.`gold_flight_summary` ..................... [RUN]","logger":"task.stdout"}
{"timestamp":"2026-09-05T11:00:39.477455Z","level":"info","event":"\u001b[0m11:00:36  2 of 2 OK created sql view model `flight`.`gold_flight_summary` ................ [\u001b[32mOK\u001b[0m in 0.09s]","logger":"task.stdout"}
{"timestamp":"2026-09-05T11:00:39.477892Z","level":"info","event":"\u001b[0m11:00:36","logger":"task.stdout"}
{"timestamp":"2026-09-05T11:00:39.478360Z","level":"info","event":"\u001b[0m11:00:36  Finished running 2 view models in 0 hours 0 minutes and 0.53 seconds (0.53s).","logger":"task.stdout"}
{"timestamp":"2026-09-05T11:00:39.478839Z","level":"info","event":"\u001b[0m11:00:36","logger":"task.stdout"}
{"timestamp":"2026-09-05T11:00:39.479281Z","level":"info","event":"\u001b[0m11:00:36  \u001b[32mCompleted successfully\u001b[0m","logger":"task.stdout"}
{"timestamp":"2026-09-05T11:00:39.479733Z","level":"info","event":"\u001b[0m11:00:36","logger":"task.stdout"}
{"timestamp":"2026-09-05T11:00:39.480242Z","level":"info","event":"\u001b[0m11:00:36  Done. PASS=2 WARN=0 ERROR=0 SKIP=0 NO-OP=0 REUSED=0 TOTAL=2","logger":"task.stdout"}
{"timestamp":"2026-09-05T11:00:39.480745Z","level":"info","event":"","logger":"task.stdout"}
{"timestamp":"2026-09-05T11:00:39.473248Z","level":"info","event":"Done. Returned value was: None","logger":"airflow.task.operators.airflow.providers.standard.decorators.python._PythonDecoratedOperator","filename":"python.py","lineno":218}
